#######
#     #    
#  A  #               #######          A. A mammmothcage, used by the camp.
#.....#######         #     #
#           #         #  B  #          B. Hidden room        
#           #         #     #
#  Training #         #######          C.D Storm-giant home
#    camp   #         #     #
#           #         #  C  #          E. The golden mammoth tavern 
#           ###########     #
#                           #
#                           #
#                    Main   ######                            
##################  Village  Road to templearea       
                 #          (Project of Deorwin)     
                 #          ######
            ######          #
            #  D            #
            #               #
            ###########     ###### 
                      #      E   #
                      #          #
                      #     ######  
                      #     #
                      #     #
                      #     #
                       #     #
                        ##    ##
                          #     #     
                          #     #
                          #     #############################
                          #                                 #              
                          #                                 #
                          #                                 ######
                          #                                 Road to quarry
                          #                              (Project of Deorwin)
                          #                                 ######                                 
F. Unnamed foodstore      #           Marketplace           #
                          #                                 #
G. Unnamed Armoury        #                                 #
                          #                                 #
                          #                                 #
                          #                                 #
                     ######                                 ######
                     # F                                      G  #
                     #                                           #
                     ###########     #############################
                               #     #
                               #     # 
                     ######    #     # 
                     # B  #    #     #       
                     # A  #    #     #                 
            ########## R  ######     #
       Entrance        R             #
       Guardpost       A             #
            ########## C  ############            /Shakur 97/09/12                   
                     # K       #
                     # S       #        
                     ###########
                                                   
