[0mactivate_powerstone.c[0m
[0mactivate_powerstone.wuf[0m
[0malter_visage.c[0m
[0manimal_transformation.c[0m
[0manimate_death_knight.c[0m
[0manimate_demilich.c[0m
[0manimate_dracolich.c[0m
[0manimate_ghast.c[0m
[0manimate_ghoul.c[0m
[0manimate_lich.c[0m
[0manimate_skeleton.c[0m
[0manimate_vampire.c[0m
[0manimate_zombie.c[0m
[0manti-magic_field.c[0m
[0mapportation.c[0m
[0marea_poison.c[0m
[0marmour_of_faith.c[0m
[0marmour_of_oblivion.c[0m
[01;34mattic[0m
[0mawareness.c[0m
[0mbattle_aura.c[0m
[0mbattle_fury.c[0m
[0mbind_demon-lord.c[0m
[0mbind_demon.c[0m
[0mbind_demon_lord.c[0m
[0mbind_greater_demon.c[0m
[0mbind_lesser_demon.c[0m
[0mbless.bak[0m
[0mbless_armour.c[0m
[0mbless_weapon.c[0m
[0mblessing_of_agility.c[0m
[0mblessing_of_agility.offline[0m
[0mblessing_of_knowledge.c[0m
[0mblessing_of_knowledge.offline[0m
[0mblizzard.c[0m
[0mblur.c[0m
[0mbody_disruption.c[0m
[0mbody_of_elements.c[0m
[0mbolt_of_righteousness.c[0m
[0mburning_hands.c[0m
[0mcall_blade_of_k'thach.c[0m
[0mcall_divine_plate.c[0m
[0mcall_divine_strength.c[0m
[0mcall_hammer_of_faith.c[0m
[0mcall_holy_staff.c[0m
[0mcall_lightning.c[0m
[0mcall_spirit_sword.c[0m
[0mcause_critical_wounds.c[0m
[0mcause_light_wounds.c[0m
[0mcause_serious_wounds.c[0m
[0mceremony_of_purification.c[0m
[0mchaos_ball.c[0m
[0mchaos_bane.c[0m
[0mchaos_storm.c[0m
[0mchilling_touch.c[0m
[0mclaim_activate.c[0m
[0mclaimed_weapon.c[0m
[0mclairvoyance.c[0m
[0mclone.c[0m
[0mcold_blast.c[0m
[0mcombat_healing.c[0m
[0mcounter_spell.c[0m
[0mcreate_alabaster_potion.c[0m
[0mcreate_elixir_of_healing.c[0m
[0mcreate_food.c[0m
[0mcreate_teleport_beacon.c[0m
[0mcure_critical_wounds.c[0m
[0mcure_light_wounds.c[0m
[0mcure_serious_wounds.c[0m
[0mcurse.c[0m
[0mdagger_storm.c[0m
[0mdark_vision.c[0m
[0mdarkness.c[0m
[0mdecay.c[0m
[0mdecrease_metabolism.c[0m
[0mdelay.c[0m
[0mdelay_rune.c[0m
[0mdemon_lord_sword.c[0m
[0mdemon_lord_sword2.c[0m
[0mdemon_sword.c[0m
[0mdeus_ex_machina.c[0m
[0mdisguise_shad.c[0m
[0mdispel_magic.c[0m
[0mdispel_rune.c[0m
[0mdisruption_bolt.c[0m
[0mdistance_harming.c[0m
[0mdistance_healing.c[0m
[0mdistance_poison.c[0m
[0mdivine_favor.c[0m
[0mdivine_might.c[0m
[0mdivine_punishment.c[0m
[0mdivine_transformation.c[0m
[0mdrain_life.c[0m
[0mdranaxar's_anti-magic_field.c[0m
[0mdrizzt_strike.c[0m
[0melemental_aegis.c[0m
[0melemental_bane.c[0m
[0melemental_barrier.c[0m
[0melemental_blade.c[0m
[0melemental_bolt.c[0m
[0melemental_curse.c[0m
[0melemental_presence.c[0m
[0melemental_shield.c[0m
[0melemental_storm.c[0m
[0melemental_strike.c[0m
[0melemental_transformation.c[0m
[0membalm_corpse.c[0m
[0menchanter_mark.c[0m
[0menergy_shield.c[0m
[0menlarge.c[0m
[0messence_blade.c[0m
[0messential_blade.c[0m
[0mexploding_rune.c[0m
[0mexplosive_fireball.c[0m
[0mfaerie_fire.c[0m
[0mfashion_dragon_engine.c[0m
[0mfashion_golem.c[0m
[0mfashion_statue.c[0m
[0mfire_protection.c[0m
[0mfire_shield.c[0m
[0mfireball.c[0m
[0mflame_blade.c[0m
[0mforce_shield.c[0m
[0mfreeze_skin.c[0m
[0mgarguth's_grasping_hand.c[0m
[0mgarguth's_open_palm.c[0m
[0mgarguth's_pounding_fist.c[0m
[0mgaseous_form.c[0m
[0mgate_hellion.c[0m
[0mgate_rune.c[0m
[0mgreater_demon_sword.c[0m
[0mgreater_elemental_blade.c[0m
[0mgreater_elemental_bolt.c[0m
[0mgreater_elemental_storm.c[0m
[0mgreater_elemental_strike.c[0m
[0mgreater_essential_blade.c[0m
[0mgreater_plasma_blade.c[0m
[0mhammer_of_god.c[0m
[0mhammer_of_k'thach.c[0m
[0mhand_of_light.c[0m
[0mhand_of_the_divine.c[0m
[0mharm.c[0m
[0mharm2.c[0m
[0mhaste.c[0m
[0mheal.c[0m
[0mhealing_rune.c[0m
[0mhex.c[0m
[0mholy_armour.c[0m
[0mholy_aura.c[0m
[0mholy_awareness.c[0m
[0mholy_blade.c[0m
[0mholy_condemnation.c[0m
[0mholy_fury.c[0m
[0mholy_lamp.c[0m
[0mholy_light.c[0m
[0mholy_mission.c[0m
[0mholy_strike.c[0m
[0mholy_word.c[0m
[0mice_dagger.c[0m
[0micy_weapon.c[0m
[0mimbue_skill.offline[0m
[0mimbue_spell.offline[0m
[0mimplosion.c[0m
[0mimprove_dragon_engine.c[0m
[0mimprove_golem.c[0m
[0mimprove_statue.c[0m
[0mimproved_invisibility.c[0m
[0mincrease_metabolism.c[0m
[0minstill_poison.c[0m
[0minternal_flame.c[0m
[0mintoxication.c[0m
[0minvisibility.c[0m
[0miron_will.c[0m
[0mkilling_cloud.c[0m
[0mlamp_of_night.c[0m
[0mlesser_demon_sword.c[0m
[0mlesser_elemental_blade.c[0m
[0mlesser_elemental_bolt.c[0m
[0mlesser_elemental_storm.c[0m
[0mlesser_elemental_strike.c[0m
[0mlesser_essential_blade.c[0m
[0mlesser_plasma_blade.c[0m
[0mlevitation.c[0m
[0mlich_form.c[0m
[0mlifesteal.c[0m
[0mlifesteal_blade.c[0m
[0mlight.c[0m
[0mlightning_bolt.c[0m
[0mlink.c[0m
[0mliving_weapon.c[0m
[0mlock_enchantment.c[0m
[0mlong_term_spell.101396[0m
[0mlong_term_spell.c[0m
[0mmad_rage.c[0m
[0mmagic_missile.c[0m
[0mmajor_accuracy.c[0m
[0mmajor_fortification.c[0m
[0mmajor_puissance.c[0m
[0mmana_drain.c[0m
[0mmana_vortex.c[0m
[0mmass_barrier.c[0m
[0mmass_heal.c[0m
[0mmeteor_storm.c[0m
[0mminor_accuracy.c[0m
[0mminor_fortification.c[0m
[0mminor_puissance.c[0m
[0mmirror_image.c[0m
[0mnether_sight.c[0m
[0mpoison_rune.c[0m
[0mpoison_weapon.c[0m
[0mpower_word,_blind.c[0m
[0mpower_word,_kill.c[0m
[0mpower_word,_stun.c[0m
[0mprepare_skill.offline[0m
[0mprepare_spell.c[0m
[0mprepare_spell.offline[0m
[0mpreserve_corpse.c[0m
[0mpreserve_rune.c[0m
[0mprotection_from_chaos.c[0m
[0mrain_of_spears.c[0m
[0mregenerate.c[0m
[0mregeneration.c[0m
[0mremove_poison.c[0m
[01;34mremoved[0m
[0mresurrect.c[0m
[0mretribution_of_k'thach.c[0m
[0mrot.c[0m
[0msanctify.c[0m
[0msanctify_blade.c[0m
[0msanctuary.c[0m
[0msatisfy_hunger.c[0m
[0msatisfy_thirst.c[0m
[0mscales_of_justice.offline[0m
[0mscribe_scroll.c[0m
[0mscry.c[0m
[0mscry_guard.c[0m
[0msee_invisible.c[0m
[0mself_power.c[0m
[0msense_aura.c[0m
[0mshadow[0m
[0mshadow.c[0m
[0mshadow_form.c[0m
[01;34mshadows[0m
[0mshield_of_ithian.c[0m
[0mshields_of_war.c[0m
[0mshocking_grasp.c[0m
[0msilent_walk.c[0m
[0mslow.c[0m
[0msmite.c[0m
[0msoul_gate.c[0m
[0msoultaker_blade.c[0m
[0mspell.c[0m
[0mspelllist[0m
[0mspellnew.c[0m
[0mspells.lst[0m
[0mspellworking.c[0m
[0mstabilize_familiar.c[0m
[0mstore_spell.c[0m
[0msummon.c[0m
[0msummon_aerial_servant.c[0m
[0msummon_arch_angel.c[0m
[0msummon_demon.c[0m
[0msummon_demon_lord.c[0m
[0msummon_desert_spirit.c[0m
[0msummon_elder_seraph.c[0m
[0msummon_elemental.c[0m
[0msummon_elemental_dragon.c[0m
[0msummon_ethereal_entity.c[0m
[0msummon_familiar.c[0m
[0msummon_greater_demon.c[0m
[0msummon_greater_elemental.c[0m
[0msummon_greater_familiar.c[0m
[0msummon_guardian_angel.c[0m
[0msummon_illusionary_guardian.c[0m
[0msummon_lesser_demon.c[0m
[0msummon_lesser_elemental.c[0m
[0msummon_rune.c[0m
[0msummon_rune.old.[0m
[0mteleport.c[0m
[0mtest.c[0m
[0mtransmutation.c[0m
[0mtransport.c[0m
[0mtransport_beacon.c[0m
[0mtransport_rune.c[0m
[0mtransport_undead.c[0m
[0mtrue_armour.c[0m
[0mtrue_heal.c[0m
[0mtrue_weapon.c[0m
[0mundead_dimension.c[0m
[0munholy_armour.c[0m
[0mvacuum_bolt.c[0m
[0mvampiric_blade.c[0m
[0mvengeance_of_k'thach.c[0m
[0mwar-hewn_weapon.c[0m
[0mwarrior's_interment.c[0m
[0mweaken.c[0m
[0mweapon_stack.c[0m
[0mweapon_stack_logic.c[0m
[0mwind_of_death.c[0m
[0mwinged_flight.c[0m
[0mword_of_recall.c[0m
[0mwrath_of_god.c[0m
[0mwufflame.c[0m
[0mwufice.c[0m
